Analysis & Synthesis report for TOP_PIPELINE
Mon Jun 26 14:16:42 2023
Quartus Prime Version 20.1.1 Build 720 11/11/2020 SJ Lite Edition


---------------------
; Table of Contents ;
---------------------
  1. Legal Notice
  2. Analysis & Synthesis Summary
  3. Analysis & Synthesis Settings
  4. Parallel Compilation
  5. Analysis & Synthesis Source Files Read
  6. Analysis & Synthesis Resource Usage Summary
  7. Analysis & Synthesis Resource Utilization by Entity
  8. Registers Removed During Synthesis
  9. Removed Registers Triggering Further Register Optimizations
 10. General Register Statistics
 11. Inverted Register Statistics
 12. Multiplexer Restructuring Statistics (Restructuring Performed)
 13. Parameter Settings for User Entity Instance: INSTMEM:u_instmem
 14. Parameter Settings for User Entity Instance: IF_ID:u_if_id
 15. Parameter Settings for User Entity Instance: ID_EX:u_id_ex
 16. Parameter Settings for User Entity Instance: EX_MEM:u_ex_mem
 17. Parameter Settings for User Entity Instance: MEM_WB:u_mwm_wb
 18. Port Connectivity Checks: "MEM_WB:u_mwm_wb"
 19. Port Connectivity Checks: "ID_EX:u_id_ex"
 20. Post-Synthesis Netlist Statistics for Top Partition
 21. Elapsed Time Per Partition
 22. Analysis & Synthesis Messages



----------------
; Legal Notice ;
----------------
Copyright (C) 2020  Intel Corporation. All rights reserved.
Your use of Intel Corporation's design tools, logic functions 
and other software and tools, and any partner logic 
functions, and any output files from any of the foregoing 
(including device programming or simulation files), and any 
associated documentation or information are expressly subject 
to the terms and conditions of the Intel Program License 
Subscription Agreement, the Intel Quartus Prime License Agreement,
the Intel FPGA IP License Agreement, or other applicable license
agreement, including, without limitation, that your use is for
the sole purpose of programming logic devices manufactured by
Intel and sold by Intel or its authorized distributors.  Please
refer to the applicable agreement for further details, at
https://fpgasoftware.intel.com/eula.



+-------------------------------------------------------------------------------+
; Analysis & Synthesis Summary                                                  ;
+---------------------------------+---------------------------------------------+
; Analysis & Synthesis Status     ; Successful - Mon Jun 26 14:16:42 2023       ;
; Quartus Prime Version           ; 20.1.1 Build 720 11/11/2020 SJ Lite Edition ;
; Revision Name                   ; TOP_PIPELINE                                ;
; Top-level Entity Name           ; CPU_TOP_PIPELINE                            ;
; Family                          ; Cyclone V                                   ;
; Logic utilization (in ALMs)     ; N/A                                         ;
; Total registers                 ; 17854                                       ;
; Total pins                      ; 40                                          ;
; Total virtual pins              ; 0                                           ;
; Total block memory bits         ; 0                                           ;
; Total DSP Blocks                ; 0                                           ;
; Total HSSI RX PCSs              ; 0                                           ;
; Total HSSI PMA RX Deserializers ; 0                                           ;
; Total HSSI TX PCSs              ; 0                                           ;
; Total HSSI PMA TX Serializers   ; 0                                           ;
; Total PLLs                      ; 0                                           ;
; Total DLLs                      ; 0                                           ;
+---------------------------------+---------------------------------------------+


+---------------------------------------------------------------------------------------------------------------------------+
; Analysis & Synthesis Settings                                                                                             ;
+---------------------------------------------------------------------------------+--------------------+--------------------+
; Option                                                                          ; Setting            ; Default Value      ;
+---------------------------------------------------------------------------------+--------------------+--------------------+
; Device                                                                          ; 5CEFA7F31I7        ;                    ;
; Top-level entity name                                                           ; CPU_TOP_PIPELINE   ; TOP_PIPELINE       ;
; Family name                                                                     ; Cyclone V          ; Cyclone V          ;
; Use smart compilation                                                           ; Off                ; Off                ;
; Enable parallel Assembler and Timing Analyzer during compilation                ; On                 ; On                 ;
; Enable compact report table                                                     ; Off                ; Off                ;
; Restructure Multiplexers                                                        ; Auto               ; Auto               ;
; MLAB Add Timing Constraints For Mixed-Port Feed-Through Mode Setting Don't Care ; Off                ; Off                ;
; Create Debugging Nodes for IP Cores                                             ; Off                ; Off                ;
; Preserve fewer node names                                                       ; On                 ; On                 ;
; Intel FPGA IP Evaluation Mode                                                   ; Enable             ; Enable             ;
; Verilog Version                                                                 ; Verilog_2001       ; Verilog_2001       ;
; VHDL Version                                                                    ; VHDL_1993          ; VHDL_1993          ;
; State Machine Processing                                                        ; Auto               ; Auto               ;
; Safe State Machine                                                              ; Off                ; Off                ;
; Extract Verilog State Machines                                                  ; On                 ; On                 ;
; Extract VHDL State Machines                                                     ; On                 ; On                 ;
; Ignore Verilog initial constructs                                               ; Off                ; Off                ;
; Iteration limit for constant Verilog loops                                      ; 5000               ; 5000               ;
; Iteration limit for non-constant Verilog loops                                  ; 250                ; 250                ;
; Add Pass-Through Logic to Inferred RAMs                                         ; On                 ; On                 ;
; Infer RAMs from Raw Logic                                                       ; On                 ; On                 ;
; Parallel Synthesis                                                              ; On                 ; On                 ;
; DSP Block Balancing                                                             ; Auto               ; Auto               ;
; NOT Gate Push-Back                                                              ; On                 ; On                 ;
; Power-Up Don't Care                                                             ; On                 ; On                 ;
; Remove Redundant Logic Cells                                                    ; Off                ; Off                ;
; Remove Duplicate Registers                                                      ; On                 ; On                 ;
; Ignore CARRY Buffers                                                            ; Off                ; Off                ;
; Ignore CASCADE Buffers                                                          ; Off                ; Off                ;
; Ignore GLOBAL Buffers                                                           ; Off                ; Off                ;
; Ignore ROW GLOBAL Buffers                                                       ; Off                ; Off                ;
; Ignore LCELL Buffers                                                            ; Off                ; Off                ;
; Ignore SOFT Buffers                                                             ; On                 ; On                 ;
; Limit AHDL Integers to 32 Bits                                                  ; Off                ; Off                ;
; Optimization Technique                                                          ; Balanced           ; Balanced           ;
; Carry Chain Length                                                              ; 70                 ; 70                 ;
; Auto Carry Chains                                                               ; On                 ; On                 ;
; Auto Open-Drain Pins                                                            ; On                 ; On                 ;
; Perform WYSIWYG Primitive Resynthesis                                           ; Off                ; Off                ;
; Auto ROM Replacement                                                            ; On                 ; On                 ;
; Auto RAM Replacement                                                            ; On                 ; On                 ;
; Auto DSP Block Replacement                                                      ; On                 ; On                 ;
; Auto Shift Register Replacement                                                 ; Auto               ; Auto               ;
; Allow Shift Register Merging across Hierarchies                                 ; Auto               ; Auto               ;
; Auto Clock Enable Replacement                                                   ; On                 ; On                 ;
; Strict RAM Replacement                                                          ; Off                ; Off                ;
; Allow Synchronous Control Signals                                               ; On                 ; On                 ;
; Force Use of Synchronous Clear Signals                                          ; Off                ; Off                ;
; Auto Resource Sharing                                                           ; Off                ; Off                ;
; Allow Any RAM Size For Recognition                                              ; Off                ; Off                ;
; Allow Any ROM Size For Recognition                                              ; Off                ; Off                ;
; Allow Any Shift Register Size For Recognition                                   ; Off                ; Off                ;
; Use LogicLock Constraints during Resource Balancing                             ; On                 ; On                 ;
; Ignore translate_off and synthesis_off directives                               ; Off                ; Off                ;
; Timing-Driven Synthesis                                                         ; On                 ; On                 ;
; Report Parameter Settings                                                       ; On                 ; On                 ;
; Report Source Assignments                                                       ; On                 ; On                 ;
; Report Connectivity Checks                                                      ; On                 ; On                 ;
; Ignore Maximum Fan-Out Assignments                                              ; Off                ; Off                ;
; Synchronization Register Chain Length                                           ; 3                  ; 3                  ;
; Power Optimization During Synthesis                                             ; Normal compilation ; Normal compilation ;
; HDL message level                                                               ; Level2             ; Level2             ;
; Suppress Register Optimization Related Messages                                 ; Off                ; Off                ;
; Number of Removed Registers Reported in Synthesis Report                        ; 5000               ; 5000               ;
; Number of Swept Nodes Reported in Synthesis Report                              ; 5000               ; 5000               ;
; Number of Inverted Registers Reported in Synthesis Report                       ; 100                ; 100                ;
; Clock MUX Protection                                                            ; On                 ; On                 ;
; Auto Gated Clock Conversion                                                     ; Off                ; Off                ;
; Block Design Naming                                                             ; Auto               ; Auto               ;
; SDC constraint protection                                                       ; Off                ; Off                ;
; Synthesis Effort                                                                ; Auto               ; Auto               ;
; Shift Register Replacement - Allow Asynchronous Clear Signal                    ; On                 ; On                 ;
; Pre-Mapping Resynthesis Optimization                                            ; Off                ; Off                ;
; Analysis & Synthesis Message Level                                              ; Medium             ; Medium             ;
; Disable Register Merging Across Hierarchies                                     ; Auto               ; Auto               ;
; Resource Aware Inference For Block RAM                                          ; On                 ; On                 ;
; Automatic Parallel Synthesis                                                    ; On                 ; On                 ;
; Partial Reconfiguration Bitstream ID                                            ; Off                ; Off                ;
+---------------------------------------------------------------------------------+--------------------+--------------------+


+------------------------------------------+
; Parallel Compilation                     ;
+----------------------------+-------------+
; Processors                 ; Number      ;
+----------------------------+-------------+
; Number detected on machine ; 12          ;
; Maximum allowed            ; 6           ;
;                            ;             ;
; Average used               ; 1.01        ;
; Maximum used               ; 6           ;
;                            ;             ;
; Usage by Processor         ; % Time Used ;
;     Processor 1            ; 100.0%      ;
;     Processor 2            ;   0.2%      ;
;     Processor 3            ;   0.2%      ;
;     Processor 4            ;   0.2%      ;
;     Processor 5            ;   0.2%      ;
;     Processor 6            ;   0.1%      ;
+----------------------------+-------------+


+--------------------------------------------------------------------------------------------------------------------------------------------------------------------------------------------------------------------+
; Analysis & Synthesis Source Files Read                                                                                                                                                                             ;
+----------------------------------------------------------------------------+-----------------+------------------------------+----------------------------------------------------------------------------+---------+
; File Name with User-Entered Path                                           ; Used in Netlist ; File Type                    ; File Name with Absolute Path                                               ; Library ;
+----------------------------------------------------------------------------+-----------------+------------------------------+----------------------------------------------------------------------------+---------+
; ../RTL/CPU_TOP_PIPELINE.v                                                  ; yes             ; User Verilog HDL File        ; F:/Users/whb/Documents/MyPrograms/Verilog/MIPS5/RTL/CPU_TOP_PIPELINE.v     ;         ;
; ../RTL/RF.v                                                                ; yes             ; User Verilog HDL File        ; F:/Users/whb/Documents/MyPrograms/Verilog/MIPS5/RTL/RF.v                   ;         ;
; ../RTL/PC.v                                                                ; yes             ; User Verilog HDL File        ; F:/Users/whb/Documents/MyPrograms/Verilog/MIPS5/RTL/PC.v                   ;         ;
; ../RTL/MEM_WB.v                                                            ; yes             ; User Verilog HDL File        ; F:/Users/whb/Documents/MyPrograms/Verilog/MIPS5/RTL/MEM_WB.v               ;         ;
; ../RTL/INSTMEM.v                                                           ; yes             ; User Verilog HDL File        ; F:/Users/whb/Documents/MyPrograms/Verilog/MIPS5/RTL/INSTMEM.v              ;         ;
; ../RTL/IF_ID.v                                                             ; yes             ; User Verilog HDL File        ; F:/Users/whb/Documents/MyPrograms/Verilog/MIPS5/RTL/IF_ID.v                ;         ;
; ../RTL/ID_EX.v                                                             ; yes             ; User Verilog HDL File        ; F:/Users/whb/Documents/MyPrograms/Verilog/MIPS5/RTL/ID_EX.v                ;         ;
; ../RTL/HZDPU.v                                                             ; yes             ; User Verilog HDL File        ; F:/Users/whb/Documents/MyPrograms/Verilog/MIPS5/RTL/HZDPU.v                ;         ;
; ../RTL/FWDPU.v                                                             ; yes             ; User Verilog HDL File        ; F:/Users/whb/Documents/MyPrograms/Verilog/MIPS5/RTL/FWDPU.v                ;         ;
; ../RTL/EXTEND.v                                                            ; yes             ; User Verilog HDL File        ; F:/Users/whb/Documents/MyPrograms/Verilog/MIPS5/RTL/EXTEND.v               ;         ;
; ../RTL/EX_MEM.v                                                            ; yes             ; User Verilog HDL File        ; F:/Users/whb/Documents/MyPrograms/Verilog/MIPS5/RTL/EX_MEM.v               ;         ;
; ../RTL/DATAMEM.v                                                           ; yes             ; User Verilog HDL File        ; F:/Users/whb/Documents/MyPrograms/Verilog/MIPS5/RTL/DATAMEM.v              ;         ;
; ../RTL/CTRL.v                                                              ; yes             ; User Verilog HDL File        ; F:/Users/whb/Documents/MyPrograms/Verilog/MIPS5/RTL/CTRL.v                 ;         ;
; ../RTL/ALUCTRL.v                                                           ; yes             ; User Verilog HDL File        ; F:/Users/whb/Documents/MyPrograms/Verilog/MIPS5/RTL/ALUCTRL.v              ;         ;
; ../RTL/ALU.v                                                               ; yes             ; User Verilog HDL File        ; F:/Users/whb/Documents/MyPrograms/Verilog/MIPS5/RTL/ALU.v                  ;         ;
; /users/whb/documents/myprograms/verilog/mips5/rtl/regdefault.vh            ; yes             ; Auto-Found Unspecified File  ; /users/whb/documents/myprograms/verilog/mips5/rtl/regdefault.vh            ;         ;
; /users/whb/documents/myprograms/verilog/mips5/rtl/cpu_top_pipeline_wire.vh ; yes             ; Auto-Found Unspecified File  ; /users/whb/documents/myprograms/verilog/mips5/rtl/cpu_top_pipeline_wire.vh ;         ;
+----------------------------------------------------------------------------+-----------------+------------------------------+----------------------------------------------------------------------------+---------+


+---------------------------------------------------------+
; Analysis & Synthesis Resource Usage Summary             ;
+---------------------------------------------+-----------+
; Resource                                    ; Usage     ;
+---------------------------------------------+-----------+
; Estimate of Logic utilization (ALMs needed) ; 12634     ;
;                                             ;           ;
; Combinational ALUT usage for logic          ; 9207      ;
;     -- 7 input functions                    ; 98        ;
;     -- 6 input functions                    ; 6679      ;
;     -- 5 input functions                    ; 382       ;
;     -- 4 input functions                    ; 163       ;
;     -- <=3 input functions                  ; 1885      ;
;                                             ;           ;
; Dedicated logic registers                   ; 17854     ;
;                                             ;           ;
; I/O pins                                    ; 40        ;
;                                             ;           ;
; Total DSP Blocks                            ; 0         ;
;                                             ;           ;
; Maximum fan-out node                        ; clk~input ;
; Maximum fan-out                             ; 17854     ;
; Total fan-out                               ; 101822    ;
; Average fan-out                             ; 3.75      ;
+---------------------------------------------+-----------+


+-------------------------------------------------------------------------------------------------------------------------------------------------------------------------------------------------------------+
; Analysis & Synthesis Resource Utilization by Entity                                                                                                                                                         ;
+----------------------------+---------------------+---------------------------+-------------------+------------+------+--------------+-------------------------------------+------------------+--------------+
; Compilation Hierarchy Node ; Combinational ALUTs ; Dedicated Logic Registers ; Block Memory Bits ; DSP Blocks ; Pins ; Virtual Pins ; Full Hierarchy Name                 ; Entity Name      ; Library Name ;
+----------------------------+---------------------+---------------------------+-------------------+------------+------+--------------+-------------------------------------+------------------+--------------+
; |CPU_TOP_PIPELINE          ; 9207 (308)          ; 17854 (1)                 ; 0                 ; 0          ; 40   ; 0            ; |CPU_TOP_PIPELINE                   ; CPU_TOP_PIPELINE ; work         ;
;    |ALU:u_alu|             ; 385 (385)           ; 0 (0)                     ; 0                 ; 0          ; 0    ; 0            ; |CPU_TOP_PIPELINE|ALU:u_alu         ; ALU              ; work         ;
;    |ALUCTRL:u_aluctrl|     ; 12 (12)             ; 0 (0)                     ; 0                 ; 0          ; 0    ; 0            ; |CPU_TOP_PIPELINE|ALUCTRL:u_aluctrl ; ALUCTRL          ; work         ;
;    |CTRL:u_ctrl|           ; 15 (15)             ; 0 (0)                     ; 0                 ; 0          ; 0    ; 0            ; |CPU_TOP_PIPELINE|CTRL:u_ctrl       ; CTRL             ; work         ;
;    |DATAMEM:u_datamem|     ; 7158 (7158)         ; 16384 (16384)             ; 0                 ; 0          ; 0    ; 0            ; |CPU_TOP_PIPELINE|DATAMEM:u_datamem ; DATAMEM          ; work         ;
;    |EX_MEM:u_ex_mem|       ; 1 (1)               ; 135 (135)                 ; 0                 ; 0          ; 0    ; 0            ; |CPU_TOP_PIPELINE|EX_MEM:u_ex_mem   ; EX_MEM           ; work         ;
;    |FWDPU:u_fwdpu|         ; 16 (16)             ; 0 (0)                     ; 0                 ; 0          ; 0    ; 0            ; |CPU_TOP_PIPELINE|FWDPU:u_fwdpu     ; FWDPU            ; work         ;
;    |HZDPU:u_hzdpu|         ; 4 (4)               ; 0 (0)                     ; 0                 ; 0          ; 0    ; 0            ; |CPU_TOP_PIPELINE|HZDPU:u_hzdpu     ; HZDPU            ; work         ;
;    |ID_EX:u_id_ex|         ; 723 (723)           ; 146 (146)                 ; 0                 ; 0          ; 0    ; 0            ; |CPU_TOP_PIPELINE|ID_EX:u_id_ex     ; ID_EX            ; work         ;
;    |IF_ID:u_if_id|         ; 5 (5)               ; 63 (63)                   ; 0                 ; 0          ; 0    ; 0            ; |CPU_TOP_PIPELINE|IF_ID:u_if_id     ; IF_ID            ; work         ;
;    |INSTMEM:u_instmem|     ; 154 (154)           ; 0 (0)                     ; 0                 ; 0          ; 0    ; 0            ; |CPU_TOP_PIPELINE|INSTMEM:u_instmem ; INSTMEM          ; work         ;
;    |MEM_WB:u_mwm_wb|       ; 0 (0)               ; 101 (101)                 ; 0                 ; 0          ; 0    ; 0            ; |CPU_TOP_PIPELINE|MEM_WB:u_mwm_wb   ; MEM_WB           ; work         ;
;    |PC:u_pc|               ; 33 (33)             ; 32 (32)                   ; 0                 ; 0          ; 0    ; 0            ; |CPU_TOP_PIPELINE|PC:u_pc           ; PC               ; work         ;
;    |RF:u_rf|               ; 393 (393)           ; 992 (992)                 ; 0                 ; 0          ; 0    ; 0            ; |CPU_TOP_PIPELINE|RF:u_rf           ; RF               ; work         ;
+----------------------------+---------------------+---------------------------+-------------------+------------+------+--------------+-------------------------------------+------------------+--------------+
Note: For table entries with two numbers listed, the numbers in parentheses indicate the number of resources of the given type used by the specific entity alone. The numbers listed outside of parentheses indicate the total resources of the given type used by the specific entity and all of its sub-entities in the hierarchy.


+---------------------------------------------------------------------------------------------+
; Registers Removed During Synthesis                                                          ;
+-----------------------------------------------+---------------------------------------------+
; Register name                                 ; Reason for Removal                          ;
+-----------------------------------------------+---------------------------------------------+
; ID_EX:u_id_ex|inner_reg[69]                   ; Merged with ID_EX:u_id_ex|inner_reg[0]      ;
; ID_EX:u_id_ex|inner_reg[86,88,90,92,94,96,98] ; Merged with ID_EX:u_id_ex|inner_reg[100]    ;
; ID_EX:u_id_ex|inner_reg[85,87,89,91,93,95,97] ; Merged with ID_EX:u_id_ex|inner_reg[99]     ;
; ID_EX:u_id_ex|inner_reg[15]                   ; Merged with ID_EX:u_id_ex|inner_reg[84]     ;
; ID_EX:u_id_ex|inner_reg[11]                   ; Merged with ID_EX:u_id_ex|inner_reg[80]     ;
; ID_EX:u_id_ex|inner_reg[7]                    ; Merged with ID_EX:u_id_ex|inner_reg[76]     ;
; ID_EX:u_id_ex|inner_reg[3]                    ; Merged with ID_EX:u_id_ex|inner_reg[72]     ;
; ID_EX:u_id_ex|inner_reg[99]                   ; Merged with ID_EX:u_id_ex|inner_reg[100]    ;
; ID_EX:u_id_ex|inner_reg[13]                   ; Merged with ID_EX:u_id_ex|inner_reg[82]     ;
; ID_EX:u_id_ex|inner_reg[12]                   ; Merged with ID_EX:u_id_ex|inner_reg[81]     ;
; ID_EX:u_id_ex|inner_reg[10]                   ; Merged with ID_EX:u_id_ex|inner_reg[79]     ;
; ID_EX:u_id_ex|inner_reg[9]                    ; Merged with ID_EX:u_id_ex|inner_reg[78]     ;
; ID_EX:u_id_ex|inner_reg[8]                    ; Merged with ID_EX:u_id_ex|inner_reg[77]     ;
; ID_EX:u_id_ex|inner_reg[2]                    ; Merged with ID_EX:u_id_ex|inner_reg[71]     ;
; ID_EX:u_id_ex|inner_reg[1]                    ; Merged with ID_EX:u_id_ex|inner_reg[70]     ;
; ID_EX:u_id_ex|inner_reg[6]                    ; Merged with ID_EX:u_id_ex|inner_reg[75]     ;
; ID_EX:u_id_ex|inner_reg[4]                    ; Merged with ID_EX:u_id_ex|inner_reg[73]     ;
; ID_EX:u_id_ex|inner_reg[14]                   ; Merged with ID_EX:u_id_ex|inner_reg[83]     ;
; EX_MEM:u_ex_mem|inner_reg[138]                ; Merged with EX_MEM:u_ex_mem|inner_reg[136]  ;
; ID_EX:u_id_ex|inner_reg[176]                  ; Merged with ID_EX:u_id_ex|inner_reg[174]    ;
; IF_ID:u_if_id|inner_reg[30]                   ; Stuck at GND due to stuck port data_in      ;
; ID_EX:u_id_ex|inner_reg[30]                   ; Stuck at GND due to stuck port data_in      ;
; EX_MEM:u_ex_mem|inner_reg[30]                 ; Stuck at GND due to stuck port data_in      ;
; MEM_WB:u_mwm_wb|inner_reg[30]                 ; Stuck at GND due to stuck port data_in      ;
; RF:u_rf|regfile[0][0]                         ; Stuck at GND due to stuck port clock_enable ;
; RF:u_rf|regfile[0][1]                         ; Stuck at GND due to stuck port clock_enable ;
; RF:u_rf|regfile[0][2]                         ; Stuck at GND due to stuck port clock_enable ;
; RF:u_rf|regfile[0][3]                         ; Stuck at GND due to stuck port clock_enable ;
; RF:u_rf|regfile[0][4]                         ; Stuck at GND due to stuck port clock_enable ;
; RF:u_rf|regfile[0][5]                         ; Stuck at GND due to stuck port clock_enable ;
; RF:u_rf|regfile[0][6]                         ; Stuck at GND due to stuck port clock_enable ;
; RF:u_rf|regfile[0][7]                         ; Stuck at GND due to stuck port clock_enable ;
; RF:u_rf|regfile[0][8]                         ; Stuck at GND due to stuck port clock_enable ;
; RF:u_rf|regfile[0][9]                         ; Stuck at GND due to stuck port clock_enable ;
; RF:u_rf|regfile[0][10]                        ; Stuck at GND due to stuck port clock_enable ;
; RF:u_rf|regfile[0][11]                        ; Stuck at GND due to stuck port clock_enable ;
; RF:u_rf|regfile[0][12]                        ; Stuck at GND due to stuck port clock_enable ;
; RF:u_rf|regfile[0][13]                        ; Stuck at GND due to stuck port clock_enable ;
; RF:u_rf|regfile[0][14]                        ; Stuck at GND due to stuck port clock_enable ;
; RF:u_rf|regfile[0][15]                        ; Stuck at GND due to stuck port clock_enable ;
; RF:u_rf|regfile[0][16]                        ; Stuck at GND due to stuck port clock_enable ;
; RF:u_rf|regfile[0][17]                        ; Stuck at GND due to stuck port clock_enable ;
; RF:u_rf|regfile[0][18]                        ; Stuck at GND due to stuck port clock_enable ;
; RF:u_rf|regfile[0][19]                        ; Stuck at GND due to stuck port clock_enable ;
; RF:u_rf|regfile[0][20]                        ; Stuck at GND due to stuck port clock_enable ;
; RF:u_rf|regfile[0][21]                        ; Stuck at GND due to stuck port clock_enable ;
; RF:u_rf|regfile[0][22]                        ; Stuck at GND due to stuck port clock_enable ;
; RF:u_rf|regfile[0][23]                        ; Stuck at GND due to stuck port clock_enable ;
; RF:u_rf|regfile[0][24]                        ; Stuck at GND due to stuck port clock_enable ;
; RF:u_rf|regfile[0][25]                        ; Stuck at GND due to stuck port clock_enable ;
; RF:u_rf|regfile[0][26]                        ; Stuck at GND due to stuck port clock_enable ;
; RF:u_rf|regfile[0][27]                        ; Stuck at GND due to stuck port clock_enable ;
; RF:u_rf|regfile[0][28]                        ; Stuck at GND due to stuck port clock_enable ;
; RF:u_rf|regfile[0][29]                        ; Stuck at GND due to stuck port clock_enable ;
; RF:u_rf|regfile[0][30]                        ; Stuck at GND due to stuck port clock_enable ;
; RF:u_rf|regfile[0][31]                        ; Stuck at GND due to stuck port clock_enable ;
; DATAMEM:u_datamem|RAM~16384                   ; Lost fanout                                 ;
; DATAMEM:u_datamem|RAM~16385                   ; Lost fanout                                 ;
; DATAMEM:u_datamem|RAM~16386                   ; Lost fanout                                 ;
; DATAMEM:u_datamem|RAM~16387                   ; Lost fanout                                 ;
; DATAMEM:u_datamem|RAM~16388                   ; Lost fanout                                 ;
; DATAMEM:u_datamem|RAM~16389                   ; Lost fanout                                 ;
; DATAMEM:u_datamem|RAM~16390                   ; Lost fanout                                 ;
; DATAMEM:u_datamem|RAM~16391                   ; Lost fanout                                 ;
; DATAMEM:u_datamem|RAM~16392                   ; Lost fanout                                 ;
; DATAMEM:u_datamem|RAM~16393                   ; Lost fanout                                 ;
; DATAMEM:u_datamem|RAM~16394                   ; Lost fanout                                 ;
; DATAMEM:u_datamem|RAM~16395                   ; Lost fanout                                 ;
; DATAMEM:u_datamem|RAM~16396                   ; Lost fanout                                 ;
; DATAMEM:u_datamem|RAM~16397                   ; Lost fanout                                 ;
; DATAMEM:u_datamem|RAM~16398                   ; Lost fanout                                 ;
; DATAMEM:u_datamem|RAM~16399                   ; Lost fanout                                 ;
; DATAMEM:u_datamem|RAM~16400                   ; Lost fanout                                 ;
; DATAMEM:u_datamem|RAM~16401                   ; Lost fanout                                 ;
; DATAMEM:u_datamem|RAM~16402                   ; Lost fanout                                 ;
; DATAMEM:u_datamem|RAM~16403                   ; Lost fanout                                 ;
; DATAMEM:u_datamem|RAM~16404                   ; Lost fanout                                 ;
; DATAMEM:u_datamem|RAM~16405                   ; Lost fanout                                 ;
; DATAMEM:u_datamem|RAM~16406                   ; Lost fanout                                 ;
; DATAMEM:u_datamem|RAM~16407                   ; Lost fanout                                 ;
; DATAMEM:u_datamem|RAM~16408                   ; Lost fanout                                 ;
; DATAMEM:u_datamem|RAM~16409                   ; Lost fanout                                 ;
; DATAMEM:u_datamem|RAM~16410                   ; Lost fanout                                 ;
; DATAMEM:u_datamem|RAM~16411                   ; Lost fanout                                 ;
; DATAMEM:u_datamem|RAM~16412                   ; Lost fanout                                 ;
; DATAMEM:u_datamem|RAM~16413                   ; Lost fanout                                 ;
; DATAMEM:u_datamem|RAM~16414                   ; Lost fanout                                 ;
; DATAMEM:u_datamem|RAM~16415                   ; Lost fanout                                 ;
; Total Number of Removed Registers = 100       ;                                             ;
+-----------------------------------------------+---------------------------------------------+


+-----------------------------------------------------------------------------------------------------------------------+
; Removed Registers Triggering Further Register Optimizations                                                           ;
+-----------------------------+---------------------------+-------------------------------------------------------------+
; Register name               ; Reason for Removal        ; Registers Removed due to This Register                      ;
+-----------------------------+---------------------------+-------------------------------------------------------------+
; IF_ID:u_if_id|inner_reg[30] ; Stuck at GND              ; ID_EX:u_id_ex|inner_reg[30], EX_MEM:u_ex_mem|inner_reg[30], ;
;                             ; due to stuck port data_in ; MEM_WB:u_mwm_wb|inner_reg[30]                               ;
+-----------------------------+---------------------------+-------------------------------------------------------------+


+------------------------------------------------------+
; General Register Statistics                          ;
+----------------------------------------------+-------+
; Statistic                                    ; Value ;
+----------------------------------------------+-------+
; Total registers                              ; 17854 ;
; Number of registers using Synchronous Clear  ; 235   ;
; Number of registers using Synchronous Load   ; 32    ;
; Number of registers using Asynchronous Clear ; 1470  ;
; Number of registers using Asynchronous Load  ; 0     ;
; Number of registers using Clock Enable       ; 17612 ;
; Number of registers using Preset             ; 0     ;
+----------------------------------------------+-------+


+---------------------------------------------------+
; Inverted Register Statistics                      ;
+-----------------------------------------+---------+
; Inverted Register                       ; Fan out ;
+-----------------------------------------+---------+
; MEM_WB:u_mwm_wb|inner_reg[34]           ; 1       ;
; MEM_WB:u_mwm_wb|inner_reg[54]           ; 1       ;
; MEM_WB:u_mwm_wb|inner_reg[5]            ; 1       ;
; EX_MEM:u_ex_mem|inner_reg[34]           ; 1       ;
; EX_MEM:u_ex_mem|inner_reg[54]           ; 1       ;
; EX_MEM:u_ex_mem|inner_reg[5]            ; 1       ;
; ID_EX:u_id_ex|inner_reg[173]            ; 3       ;
; ID_EX:u_id_ex|inner_reg[5]              ; 4       ;
; ID_EX:u_id_ex|inner_reg[179]            ; 40      ;
; ID_EX:u_id_ex|inner_reg[34]             ; 2       ;
; ID_EX:u_id_ex|inner_reg[54]             ; 2       ;
; IF_ID:u_if_id|inner_reg[5]              ; 5       ;
; IF_ID:u_if_id|inner_reg[34]             ; 1       ;
; IF_ID:u_if_id|inner_reg[54]             ; 1       ;
; PC:u_pc|pc_reg[22]                      ; 2       ;
; Total number of inverted registers = 15 ;         ;
+-----------------------------------------+---------+


+---------------------------------------------------------------------------------------------------------------------------------------------------------------+
; Multiplexer Restructuring Statistics (Restructuring Performed)                                                                                                ;
+--------------------+-----------+---------------+----------------------+------------------------+------------+-------------------------------------------------+
; Multiplexer Inputs ; Bus Width ; Baseline Area ; Area if Restructured ; Saving if Restructured ; Registered ; Example Multiplexer Output                      ;
+--------------------+-----------+---------------+----------------------+------------------------+------------+-------------------------------------------------+
; 3:1                ; 32 bits   ; 64 LEs        ; 0 LEs                ; 64 LEs                 ; Yes        ; |CPU_TOP_PIPELINE|EX_MEM:u_ex_mem|inner_reg[75] ;
; 3:1                ; 39 bits   ; 78 LEs        ; 0 LEs                ; 78 LEs                 ; Yes        ; |CPU_TOP_PIPELINE|ID_EX:u_id_ex|inner_reg[18]   ;
; 3:1                ; 30 bits   ; 60 LEs        ; 0 LEs                ; 60 LEs                 ; Yes        ; |CPU_TOP_PIPELINE|IF_ID:u_if_id|inner_reg[27]   ;
; 5:1                ; 2 bits    ; 6 LEs         ; 4 LEs                ; 2 LEs                  ; Yes        ; |CPU_TOP_PIPELINE|PC:u_pc|pc_reg[0]             ;
; 5:1                ; 2 bits    ; 6 LEs         ; 4 LEs                ; 2 LEs                  ; Yes        ; |CPU_TOP_PIPELINE|PC:u_pc|pc_reg[31]            ;
; 5:1                ; 27 bits   ; 81 LEs        ; 54 LEs               ; 27 LEs                 ; Yes        ; |CPU_TOP_PIPELINE|PC:u_pc|pc_reg[4]             ;
; 5:1                ; 5 bits    ; 15 LEs        ; 10 LEs               ; 5 LEs                  ; Yes        ; |CPU_TOP_PIPELINE|ID_EX:u_id_ex|inner_reg[65]   ;
; 35:1               ; 32 bits   ; 736 LEs       ; 672 LEs              ; 64 LEs                 ; Yes        ; |CPU_TOP_PIPELINE|ID_EX:u_id_ex|inner_reg[116]  ;
; 35:1               ; 32 bits   ; 736 LEs       ; 672 LEs              ; 64 LEs                 ; Yes        ; |CPU_TOP_PIPELINE|ID_EX:u_id_ex|inner_reg[154]  ;
; 3:1                ; 3 bits    ; 6 LEs         ; 3 LEs                ; 3 LEs                  ; Yes        ; |CPU_TOP_PIPELINE|ID_EX:u_id_ex|inner_reg[179]  ;
; 4:1                ; 2 bits    ; 4 LEs         ; 4 LEs                ; 0 LEs                  ; No         ; |CPU_TOP_PIPELINE|ALUCTRL:u_aluctrl|Mux0        ;
; 4:1                ; 32 bits   ; 64 LEs        ; 64 LEs               ; 0 LEs                  ; No         ; |CPU_TOP_PIPELINE|Mux95                         ;
; 4:1                ; 2 bits    ; 4 LEs         ; 4 LEs                ; 0 LEs                  ; No         ; |CPU_TOP_PIPELINE|ALU:u_alu|ShiftRight0         ;
; 4:1                ; 2 bits    ; 4 LEs         ; 4 LEs                ; 0 LEs                  ; No         ; |CPU_TOP_PIPELINE|ALU:u_alu|ShiftRight0         ;
; 4:1                ; 50 bits   ; 100 LEs       ; 100 LEs              ; 0 LEs                  ; No         ; |CPU_TOP_PIPELINE|ALU:u_alu|ShiftRight0         ;
; 4:1                ; 8 bits    ; 16 LEs        ; 16 LEs               ; 0 LEs                  ; No         ; |CPU_TOP_PIPELINE|ALU:u_alu|ShiftRight0         ;
; 4:1                ; 8 bits    ; 16 LEs        ; 16 LEs               ; 0 LEs                  ; No         ; |CPU_TOP_PIPELINE|ALU:u_alu|ShiftRight0         ;
; 4:1                ; 8 bits    ; 16 LEs        ; 16 LEs               ; 0 LEs                  ; No         ; |CPU_TOP_PIPELINE|ALU:u_alu|ShiftRight0         ;
; 4:1                ; 32 bits   ; 64 LEs        ; 64 LEs               ; 0 LEs                  ; No         ; |CPU_TOP_PIPELINE|Mux59                         ;
; 3:1                ; 2 bits    ; 4 LEs         ; 4 LEs                ; 0 LEs                  ; No         ; |CPU_TOP_PIPELINE|HZDPU:u_hzdpu|pcop[0]         ;
; 33:1               ; 32 bits   ; 704 LEs       ; 704 LEs              ; 0 LEs                  ; No         ; |CPU_TOP_PIPELINE|RF:u_rf|rdtdata[20]           ;
; 21:1               ; 12 bits   ; 168 LEs       ; 120 LEs              ; 48 LEs                 ; No         ; |CPU_TOP_PIPELINE|ALU:u_alu|Mux20               ;
; 24:1               ; 3 bits    ; 48 LEs        ; 36 LEs               ; 12 LEs                 ; No         ; |CPU_TOP_PIPELINE|ALU:u_alu|Mux30               ;
; 18:1               ; 12 bits   ; 144 LEs       ; 120 LEs              ; 24 LEs                 ; No         ; |CPU_TOP_PIPELINE|ALU:u_alu|Mux4                ;
; 21:1               ; 4 bits    ; 56 LEs        ; 48 LEs               ; 8 LEs                  ; No         ; |CPU_TOP_PIPELINE|ALU:u_alu|Mux2                ;
+--------------------+-----------+---------------+----------------------+------------------------+------------+-------------------------------------------------+


+----------------------------------------------------------------+
; Parameter Settings for User Entity Instance: INSTMEM:u_instmem ;
+----------------+-------+---------------------------------------+
; Parameter Name ; Value ; Type                                  ;
+----------------+-------+---------------------------------------+
; MEM_SIZE       ; 512   ; Signed Integer                        ;
+----------------+-------+---------------------------------------+
Note: In order to hide this table in the UI and the text report file, please set the "Show Parameter Settings in Synthesis Report" option in "Analysis and Synthesis Settings -> More Settings" to "Off".


+---------------------------------------------------------------------+
; Parameter Settings for User Entity Instance: IF_ID:u_if_id          ;
+----------------+----------------------------------+-----------------+
; Parameter Name ; Value                            ; Type            ;
+----------------+----------------------------------+-----------------+
; NOP            ; 00000000000000000000000000100000 ; Unsigned Binary ;
+----------------+----------------------------------+-----------------+
Note: In order to hide this table in the UI and the text report file, please set the "Show Parameter Settings in Synthesis Report" option in "Analysis and Synthesis Settings -> More Settings" to "Off".


+---------------------------------------------------------------------+
; Parameter Settings for User Entity Instance: ID_EX:u_id_ex          ;
+----------------+----------------------------------+-----------------+
; Parameter Name ; Value                            ; Type            ;
+----------------+----------------------------------+-----------------+
; NOP            ; 00000000000000000000000000100000 ; Unsigned Binary ;
; CTRL           ; 0100000110100000                 ; Unsigned Binary ;
+----------------+----------------------------------+-----------------+
Note: In order to hide this table in the UI and the text report file, please set the "Show Parameter Settings in Synthesis Report" option in "Analysis and Synthesis Settings -> More Settings" to "Off".


+---------------------------------------------------------------------+
; Parameter Settings for User Entity Instance: EX_MEM:u_ex_mem        ;
+----------------+----------------------------------+-----------------+
; Parameter Name ; Value                            ; Type            ;
+----------------+----------------------------------+-----------------+
; NOP            ; 00000000000000000000000000100000 ; Unsigned Binary ;
; CTRL           ; 000010                           ; Unsigned Binary ;
+----------------+----------------------------------+-----------------+
Note: In order to hide this table in the UI and the text report file, please set the "Show Parameter Settings in Synthesis Report" option in "Analysis and Synthesis Settings -> More Settings" to "Off".


+---------------------------------------------------------------------+
; Parameter Settings for User Entity Instance: MEM_WB:u_mwm_wb        ;
+----------------+----------------------------------+-----------------+
; Parameter Name ; Value                            ; Type            ;
+----------------+----------------------------------+-----------------+
; NOP            ; 00000000000000000000000000100000 ; Unsigned Binary ;
; CTRL           ; 0010                             ; Unsigned Binary ;
+----------------+----------------------------------+-----------------+
Note: In order to hide this table in the UI and the text report file, please set the "Show Parameter Settings in Synthesis Report" option in "Analysis and Synthesis Settings -> More Settings" to "Off".


+-----------------------------------------------------------------------------------------------------------------------+
; Port Connectivity Checks: "MEM_WB:u_mwm_wb"                                                                           ;
+-------------+--------+----------+-------------------------------------------------------------------------------------+
; Port        ; Type   ; Severity ; Details                                                                             ;
+-------------+--------+----------+-------------------------------------------------------------------------------------+
; WB_memtoreg ; Output ; Info     ; Connected to dangling logic. Logic that only feeds a dangling port will be removed. ;
; WB_regdst   ; Output ; Info     ; Connected to dangling logic. Logic that only feeds a dangling port will be removed. ;
; WB_link     ; Output ; Info     ; Connected to dangling logic. Logic that only feeds a dangling port will be removed. ;
+-------------+--------+----------+-------------------------------------------------------------------------------------+


+----------------------------------------------------------------------------------------------------------------------+
; Port Connectivity Checks: "ID_EX:u_id_ex"                                                                            ;
+------------+--------+----------+-------------------------------------------------------------------------------------+
; Port       ; Type   ; Severity ; Details                                                                             ;
+------------+--------+----------+-------------------------------------------------------------------------------------+
; EX_signext ; Output ; Info     ; Connected to dangling logic. Logic that only feeds a dangling port will be removed. ;
+------------+--------+----------+-------------------------------------------------------------------------------------+


+-----------------------------------------------------+
; Post-Synthesis Netlist Statistics for Top Partition ;
+-----------------------+-----------------------------+
; Type                  ; Count                       ;
+-----------------------+-----------------------------+
; arriav_ff             ; 17854                       ;
;     CLR               ; 140                         ;
;     CLR SCLR          ; 70                          ;
;     CLR SCLR SLD      ; 32                          ;
;     ENA               ; 16384                       ;
;     ENA CLR           ; 1095                        ;
;     ENA CLR SCLR      ; 133                         ;
; arriav_lcell_comb     ; 9207                        ;
;     arith             ; 93                          ;
;         1 data inputs ; 30                          ;
;         3 data inputs ; 30                          ;
;         4 data inputs ; 1                           ;
;         5 data inputs ; 32                          ;
;     extend            ; 98                          ;
;         7 data inputs ; 98                          ;
;     normal            ; 9016                        ;
;         1 data inputs ; 1162                        ;
;         2 data inputs ; 23                          ;
;         3 data inputs ; 640                         ;
;         4 data inputs ; 162                         ;
;         5 data inputs ; 350                         ;
;         6 data inputs ; 6679                        ;
; boundary_port         ; 40                          ;
;                       ;                             ;
; Max LUT depth         ; 12.00                       ;
; Average LUT depth     ; 5.15                        ;
+-----------------------+-----------------------------+


+-------------------------------+
; Elapsed Time Per Partition    ;
+----------------+--------------+
; Partition Name ; Elapsed Time ;
+----------------+--------------+
; Top            ; 00:00:16     ;
+----------------+--------------+


+-------------------------------+
; Analysis & Synthesis Messages ;
+-------------------------------+
Info: *******************************************************************
Info: Running Quartus Prime Analysis & Synthesis
    Info: Version 20.1.1 Build 720 11/11/2020 SJ Lite Edition
    Info: Processing started: Mon Jun 26 14:16:16 2023
Info: Command: quartus_map --read_settings_files=on --write_settings_files=off MIPS5 -c TOP_PIPELINE
Warning (18236): Number of processors has not been specified which may cause overloading on shared machines.  Set the global assignment NUM_PARALLEL_PROCESSORS in your QSF to an appropriate value for best performance.
Info (20030): Parallel compilation is enabled and will use 6 of the 6 processors detected
Info (12021): Found 1 design units, including 1 entities, in source file /users/whb/documents/myprograms/verilog/mips5/rtl/cpu_top_pipeline.v
    Info (12023): Found entity 1: CPU_TOP_PIPELINE File: F:/Users/whb/Documents/MyPrograms/Verilog/MIPS5/RTL/CPU_TOP_PIPELINE.v Line: 13
Info (12021): Found 1 design units, including 1 entities, in source file /users/whb/documents/myprograms/verilog/mips5/rtl/rf.v
    Info (12023): Found entity 1: RF File: F:/Users/whb/Documents/MyPrograms/Verilog/MIPS5/RTL/RF.v Line: 3
Info (12021): Found 1 design units, including 1 entities, in source file /users/whb/documents/myprograms/verilog/mips5/rtl/pc.v
    Info (12023): Found entity 1: PC File: F:/Users/whb/Documents/MyPrograms/Verilog/MIPS5/RTL/PC.v Line: 2
Info (12021): Found 1 design units, including 1 entities, in source file /users/whb/documents/myprograms/verilog/mips5/rtl/mem_wb.v
    Info (12023): Found entity 1: MEM_WB File: F:/Users/whb/Documents/MyPrograms/Verilog/MIPS5/RTL/MEM_WB.v Line: 2
Info (12021): Found 1 design units, including 1 entities, in source file /users/whb/documents/myprograms/verilog/mips5/rtl/instmem.v
    Info (12023): Found entity 1: INSTMEM File: F:/Users/whb/Documents/MyPrograms/Verilog/MIPS5/RTL/INSTMEM.v Line: 3
Info (12021): Found 1 design units, including 1 entities, in source file /users/whb/documents/myprograms/verilog/mips5/rtl/if_id.v
    Info (12023): Found entity 1: IF_ID File: F:/Users/whb/Documents/MyPrograms/Verilog/MIPS5/RTL/IF_ID.v Line: 2
Info (12021): Found 1 design units, including 1 entities, in source file /users/whb/documents/myprograms/verilog/mips5/rtl/id_ex.v
    Info (12023): Found entity 1: ID_EX File: F:/Users/whb/Documents/MyPrograms/Verilog/MIPS5/RTL/ID_EX.v Line: 2
Info (12021): Found 1 design units, including 1 entities, in source file /users/whb/documents/myprograms/verilog/mips5/rtl/hzdpu.v
    Info (12023): Found entity 1: HZDPU File: F:/Users/whb/Documents/MyPrograms/Verilog/MIPS5/RTL/HZDPU.v Line: 1
Info (12021): Found 1 design units, including 1 entities, in source file /users/whb/documents/myprograms/verilog/mips5/rtl/fwdpu.v
    Info (12023): Found entity 1: FWDPU File: F:/Users/whb/Documents/MyPrograms/Verilog/MIPS5/RTL/FWDPU.v Line: 1
Info (12021): Found 1 design units, including 1 entities, in source file /users/whb/documents/myprograms/verilog/mips5/rtl/extend.v
    Info (12023): Found entity 1: EXTEND File: F:/Users/whb/Documents/MyPrograms/Verilog/MIPS5/RTL/EXTEND.v Line: 1
Info (12021): Found 1 design units, including 1 entities, in source file /users/whb/documents/myprograms/verilog/mips5/rtl/ex_mem.v
    Info (12023): Found entity 1: EX_MEM File: F:/Users/whb/Documents/MyPrograms/Verilog/MIPS5/RTL/EX_MEM.v Line: 2
Info (12021): Found 1 design units, including 1 entities, in source file /users/whb/documents/myprograms/verilog/mips5/rtl/datamem.v
    Info (12023): Found entity 1: DATAMEM File: F:/Users/whb/Documents/MyPrograms/Verilog/MIPS5/RTL/DATAMEM.v Line: 3
Info (12021): Found 1 design units, including 1 entities, in source file /users/whb/documents/myprograms/verilog/mips5/rtl/ctrl.v
    Info (12023): Found entity 1: CTRL File: F:/Users/whb/Documents/MyPrograms/Verilog/MIPS5/RTL/CTRL.v Line: 1
Info (12021): Found 1 design units, including 1 entities, in source file /users/whb/documents/myprograms/verilog/mips5/rtl/cpu_top_single.v
    Info (12023): Found entity 1: CPU_TOP_SINGLE File: F:/Users/whb/Documents/MyPrograms/Verilog/MIPS5/RTL/CPU_TOP_SINGLE.v Line: 4
Info (12021): Found 1 design units, including 1 entities, in source file /users/whb/documents/myprograms/verilog/mips5/rtl/aluctrl.v
    Info (12023): Found entity 1: ALUCTRL File: F:/Users/whb/Documents/MyPrograms/Verilog/MIPS5/RTL/ALUCTRL.v Line: 1
Info (12021): Found 1 design units, including 1 entities, in source file /users/whb/documents/myprograms/verilog/mips5/rtl/alu.v
    Info (12023): Found entity 1: ALU File: F:/Users/whb/Documents/MyPrograms/Verilog/MIPS5/RTL/ALU.v Line: 1
Info (12127): Elaborating entity "CPU_TOP_PIPELINE" for the top level hierarchy
Info (12128): Elaborating entity "PC" for hierarchy "PC:u_pc" File: F:/Users/whb/Documents/MyPrograms/Verilog/MIPS5/RTL/CPU_TOP_PIPELINE.v Line: 34
Info (12128): Elaborating entity "INSTMEM" for hierarchy "INSTMEM:u_instmem" File: F:/Users/whb/Documents/MyPrograms/Verilog/MIPS5/RTL/CPU_TOP_PIPELINE.v Line: 41
Warning (10030): Net "RAM.data_a" at INSTMEM.v(11) has no driver or initial value, using a default initial value '0' File: F:/Users/whb/Documents/MyPrograms/Verilog/MIPS5/RTL/INSTMEM.v Line: 11
Warning (10030): Net "RAM.waddr_a" at INSTMEM.v(11) has no driver or initial value, using a default initial value '0' File: F:/Users/whb/Documents/MyPrograms/Verilog/MIPS5/RTL/INSTMEM.v Line: 11
Warning (10030): Net "RAM.we_a" at INSTMEM.v(11) has no driver or initial value, using a default initial value '0' File: F:/Users/whb/Documents/MyPrograms/Verilog/MIPS5/RTL/INSTMEM.v Line: 11
Info (12128): Elaborating entity "HZDPU" for hierarchy "HZDPU:u_hzdpu" File: F:/Users/whb/Documents/MyPrograms/Verilog/MIPS5/RTL/CPU_TOP_PIPELINE.v Line: 52
Info (12128): Elaborating entity "IF_ID" for hierarchy "IF_ID:u_if_id" File: F:/Users/whb/Documents/MyPrograms/Verilog/MIPS5/RTL/CPU_TOP_PIPELINE.v Line: 64
Info (12128): Elaborating entity "RF" for hierarchy "RF:u_rf" File: F:/Users/whb/Documents/MyPrograms/Verilog/MIPS5/RTL/CPU_TOP_PIPELINE.v Line: 94
Info (12128): Elaborating entity "EXTEND" for hierarchy "EXTEND:u_extend" File: F:/Users/whb/Documents/MyPrograms/Verilog/MIPS5/RTL/CPU_TOP_PIPELINE.v Line: 101
Info (12128): Elaborating entity "CTRL" for hierarchy "CTRL:u_ctrl" File: F:/Users/whb/Documents/MyPrograms/Verilog/MIPS5/RTL/CPU_TOP_PIPELINE.v Line: 127
Info (12128): Elaborating entity "ID_EX" for hierarchy "ID_EX:u_id_ex" File: F:/Users/whb/Documents/MyPrograms/Verilog/MIPS5/RTL/CPU_TOP_PIPELINE.v Line: 180
Info (12128): Elaborating entity "ALUCTRL" for hierarchy "ALUCTRL:u_aluctrl" File: F:/Users/whb/Documents/MyPrograms/Verilog/MIPS5/RTL/CPU_TOP_PIPELINE.v Line: 187
Info (12128): Elaborating entity "ALU" for hierarchy "ALU:u_alu" File: F:/Users/whb/Documents/MyPrograms/Verilog/MIPS5/RTL/CPU_TOP_PIPELINE.v Line: 197
Info (12128): Elaborating entity "FWDPU" for hierarchy "FWDPU:u_fwdpu" File: F:/Users/whb/Documents/MyPrograms/Verilog/MIPS5/RTL/CPU_TOP_PIPELINE.v Line: 215
Info (12128): Elaborating entity "EX_MEM" for hierarchy "EX_MEM:u_ex_mem" File: F:/Users/whb/Documents/MyPrograms/Verilog/MIPS5/RTL/CPU_TOP_PIPELINE.v Line: 246
Info (12128): Elaborating entity "DATAMEM" for hierarchy "DATAMEM:u_datamem" File: F:/Users/whb/Documents/MyPrograms/Verilog/MIPS5/RTL/CPU_TOP_PIPELINE.v Line: 256
Info (12128): Elaborating entity "MEM_WB" for hierarchy "MEM_WB:u_mwm_wb" File: F:/Users/whb/Documents/MyPrograms/Verilog/MIPS5/RTL/CPU_TOP_PIPELINE.v Line: 279
Info (276014): Found 1 instances of uninferred RAM logic
    Info (276007): RAM logic "DATAMEM:u_datamem|RAM" is uninferred due to asynchronous read logic File: F:/Users/whb/Documents/MyPrograms/Verilog/MIPS5/RTL/DATAMEM.v Line: 15
Warning (127007): Memory Initialization File or Hexadecimal (Intel-Format) File "F:/Users/whb/Documents/MyPrograms/Verilog/MIPS5/Quartus/db/TOP_PIPELINE.ram0_INSTMEM_a9257bc6.hdl.mif" contains "don't care" values -- overwriting them with 0s
Critical Warning (127005): Memory depth (1024) in the design file differs from memory depth (513) in the Memory Initialization File "F:/Users/whb/Documents/MyPrograms/Verilog/MIPS5/Quartus/db/TOP_PIPELINE.ram0_DATAMEM_5b4ec3c0.hdl.mif" -- setting initial value for remaining addresses to 0
Warning (127007): Memory Initialization File or Hexadecimal (Intel-Format) File "F:/Users/whb/Documents/MyPrograms/Verilog/MIPS5/Quartus/db/TOP_PIPELINE.ram0_DATAMEM_5b4ec3c0.hdl.mif" contains "don't care" values -- overwriting them with 0s
Info (286030): Timing-Driven Synthesis is running
Info (17049): 32 registers lost all their fanouts during netlist optimizations.
Info (16010): Generating hard_block partition "hard_block:auto_generated_inst"
    Info (16011): Adding 0 node(s), including 0 DDIO, 0 PLL, 0 transceiver and 0 LCELL
Info (21057): Implemented 25763 device resources after synthesis - the final resource count might be different
    Info (21058): Implemented 7 input pins
    Info (21059): Implemented 33 output pins
    Info (21061): Implemented 25723 logic cells
Info: Quartus Prime Analysis & Synthesis was successful. 0 errors, 7 warnings
    Info: Peak virtual memory: 4994 megabytes
    Info: Processing ended: Mon Jun 26 14:16:42 2023
    Info: Elapsed time: 00:00:26
    Info: Total CPU time (on all processors): 00:00:35


