------------------------------------------------------------
Timing Analyzer Summary
------------------------------------------------------------

Type  : Slow 1100mV 100C Model Setup 'clk'
Slack : 3.595
TNS   : 0.000

Type  : Slow 1100mV 100C Model Hold 'clk'
Slack : 0.309
TNS   : 0.000

Type  : Slow 1100mV 100C Model Recovery 'clk'
Slack : 9.947
TNS   : 0.000

Type  : Slow 1100mV 100C Model Removal 'clk'
Slack : 6.370
TNS   : 0.000

Type  : Slow 1100mV 100C Model Minimum Pulse Width 'clk'
Slack : 9.343
TNS   : 0.000

Type  : Slow 1100mV -40C Model Setup 'clk'
Slack : 3.813
TNS   : 0.000

Type  : Slow 1100mV -40C Model Hold 'clk'
Slack : 0.299
TNS   : 0.000

Type  : Slow 1100mV -40C Model Recovery 'clk'
Slack : 10.577
TNS   : 0.000

Type  : Slow 1100mV -40C Model Removal 'clk'
Slack : 5.997
TNS   : 0.000

Type  : Slow 1100mV -40C Model Minimum Pulse Width 'clk'
Slack : 9.200
TNS   : 0.000

Type  : Fast 1100mV 100C Model Setup 'clk'
Slack : 10.272
TNS   : 0.000

Type  : Fast 1100mV 100C Model Hold 'clk'
Slack : 0.170
TNS   : 0.000

Type  : Fast 1100mV 100C Model Recovery 'clk'
Slack : 14.882
TNS   : 0.000

Type  : Fast 1100mV 100C Model Removal 'clk'
Slack : 3.101
TNS   : 0.000

Type  : Fast 1100mV 100C Model Minimum Pulse Width 'clk'
Slack : 9.395
TNS   : 0.000

Type  : Fast 1100mV -40C Model Setup 'clk'
Slack : 12.054
TNS   : 0.000

Type  : Fast 1100mV -40C Model Hold 'clk'
Slack : 0.148
TNS   : 0.000

Type  : Fast 1100mV -40C Model Recovery 'clk'
Slack : 15.145
TNS   : 0.000

Type  : Fast 1100mV -40C Model Removal 'clk'
Slack : 2.878
TNS   : 0.000

Type  : Fast 1100mV -40C Model Minimum Pulse Width 'clk'
Slack : 9.396
TNS   : 0.000

------------------------------------------------------------
